// Jest Snapshot v1, https://goo.gl/fbAQLP

exports[`<Launches /> should render correctly 1`] = `""`;
